---
http_interactions:
- request:
    method: post
    uri: https://www.nyckel.com/v1/functions/<MODERATION_ID>/invoke
    body:
      encoding: UTF-8
      string: '{"data":"Numquam alias qui quibusdam."}'
    headers:
      User-Agent:
      - Faraday v2.7.1
      Content-Type:
      - application/json
      Accept-Encoding:
      - gzip;q=1.0,deflate;q=0.6,identity;q=0.3
      Accept:
      - "*/*"
  response:
    status:
      code: 402
      message: Payment Required
    headers:
      Content-Type:
      - application/json; charset=utf-8
      Transfer-Encoding:
      - chunked
      Connection:
      - keep-alive
      Date:
      - Fri, 09 Dec 2022 22:45:33 GMT
      Cache-Control:
      - no-store
      Vary:
      - Accept-Encoding
      X-Cache:
      - Error from cloudfront
      Via:
      - 1.1 8aaf07807b640d113c47df1d50eca064.cloudfront.net (CloudFront)
      X-Amz-Cf-Pop:
      - IAD89-P2
      X-Amz-Cf-Id:
      - vXmy6_fS9IMApuo1ezfFWvhTF3RbCX_bEioVxHvZQBef4I60f6I-lQ==
    body:
      encoding: ASCII-8BIT
      string: '{"message":"Invoke limit for free plan exceeded; please upgrade your
        plan"}'
  recorded_at: Fri, 09 Dec 2022 22:45:33 GMT
- request:
    method: post
    uri: https://www.nyckel.com/v1/functions/<MODERATION_ID>/invoke
    body:
      encoding: UTF-8
      string: '{"data":"Numquam alias qui quibusdam."}'
    headers:
      User-Agent:
      - Faraday v2.7.1
      Content-Type:
      - application/json
      Accept-Encoding:
      - gzip;q=1.0,deflate;q=0.6,identity;q=0.3
      Accept:
      - "*/*"
  response:
    status:
      code: 402
      message: Payment Required
    headers:
      Content-Type:
      - application/json; charset=utf-8
      Transfer-Encoding:
      - chunked
      Connection:
      - keep-alive
      Date:
      - Fri, 09 Dec 2022 22:45:33 GMT
      Cache-Control:
      - no-store
      Vary:
      - Accept-Encoding
      X-Cache:
      - Error from cloudfront
      Via:
      - 1.1 7a887c7cb9fe4a7abca02d85e8b196e8.cloudfront.net (CloudFront)
      X-Amz-Cf-Pop:
      - IAD89-P2
      X-Amz-Cf-Id:
      - gbzy985LJLKXTITFutnNRDgg0LctQYbpKGa1HlJBOkXXH0AEH6_nzA==
    body:
      encoding: ASCII-8BIT
      string: '{"message":"Invoke limit for free plan exceeded; please upgrade your
        plan"}'
  recorded_at: Fri, 09 Dec 2022 22:45:33 GMT
- request:
    method: post
    uri: https://commentanalyzer.googleapis.com/v1alpha1/comments:analyze?key=<PERSPECTIVE_KEY>
    body:
      encoding: UTF-8
      string: '{"comment":{"text":"Numquam alias qui quibusdam."},"languages":["en"],"requestedAttributes":{"IDENTITY_ATTACK":{}}}'
    headers:
      User-Agent:
      - Faraday v2.7.1
      Content-Type:
      - application/json
      Accept-Encoding:
      - gzip;q=1.0,deflate;q=0.6,identity;q=0.3
      Accept:
      - "*/*"
  response:
    status:
      code: 200
      message: OK
    headers:
      Content-Type:
      - application/json; charset=UTF-8
      Vary:
      - Origin
      - Referer
      - X-Origin
      Date:
      - Fri, 09 Dec 2022 22:45:33 GMT
      Server:
      - ESF
      Cache-Control:
      - private
      X-Xss-Protection:
      - '0'
      X-Frame-Options:
      - SAMEORIGIN
      X-Content-Type-Options:
      - nosniff
      Alt-Svc:
      - h3=":443"; ma=2592000,h3-29=":443"; ma=2592000,h3-Q050=":443"; ma=2592000,h3-Q046=":443";
        ma=2592000,h3-Q043=":443"; ma=2592000,quic=":443"; ma=2592000; v="46,43"
      Transfer-Encoding:
      - chunked
    body:
      encoding: ASCII-8BIT
      string: |
        {
          "attributeScores": {
            "IDENTITY_ATTACK": {
              "spanScores": [
                {
                  "begin": 0,
                  "end": 28,
                  "score": {
                    "value": 0.003348306,
                    "type": "PROBABILITY"
                  }
                }
              ],
              "summaryScore": {
                "value": 0.003348306,
                "type": "PROBABILITY"
              }
            }
          },
          "languages": [
            "en"
          ],
          "detectedLanguages": [
            "la"
          ]
        }
  recorded_at: Fri, 09 Dec 2022 22:45:33 GMT
recorded_with: VCR 6.1.0
