---
http_interactions:
- request:
    method: post
    uri: https://www.nyckel.com/v1/functions/<MODERATION_ID>/invoke
    body:
      encoding: UTF-8
      string: '{"data":"Sed sit deleniti est."}'
    headers:
      User-Agent:
      - Faraday v2.7.1
      Content-Type:
      - application/json
      Accept-Encoding:
      - gzip;q=1.0,deflate;q=0.6,identity;q=0.3
      Accept:
      - "*/*"
  response:
    status:
      code: 200
      message: OK
    headers:
      Content-Type:
      - application/json; charset=utf-8
      Transfer-Encoding:
      - chunked
      Connection:
      - keep-alive
      Date:
      - Thu, 15 Dec 2022 16:27:44 GMT
      Cache-Control:
      - no-store
      Vary:
      - Accept-Encoding
      X-Cache:
      - Miss from cloudfront
      Via:
      - 1.1 adc2002956acc4d61bfbf3b973fdf246.cloudfront.net (CloudFront)
      X-Amz-Cf-Pop:
      - SEA19-C1
      X-Amz-Cf-Id:
      - ok587mtMoeHytv4NIzOCBXZaXKsgmMCErwsYdwtMNMfnWRIWx2EOcw==
    body:
      encoding: ASCII-8BIT
      string: '{"labelName":"Safe","labelId":"label_enceud4t4ul1w89f","confidence":0.9999715272627786}'
  recorded_at: Thu, 15 Dec 2022 16:27:44 GMT
- request:
    method: post
    uri: https://commentanalyzer.googleapis.com/v1alpha1/comments:analyze?key=<PERSPECTIVE_KEY>
    body:
      encoding: UTF-8
      string: '{"comment":{"text":"Sed sit deleniti est."},"languages":["en"],"requestedAttributes":{"IDENTITY_ATTACK":{}}}'
    headers:
      User-Agent:
      - Faraday v2.7.1
      Content-Type:
      - application/json
      Accept-Encoding:
      - gzip;q=1.0,deflate;q=0.6,identity;q=0.3
      Accept:
      - "*/*"
  response:
    status:
      code: 200
      message: OK
    headers:
      Content-Type:
      - application/json; charset=UTF-8
      Vary:
      - Origin
      - Referer
      - X-Origin
      Date:
      - Thu, 15 Dec 2022 16:27:45 GMT
      Server:
      - ESF
      Cache-Control:
      - private
      X-Xss-Protection:
      - '0'
      X-Frame-Options:
      - SAMEORIGIN
      X-Content-Type-Options:
      - nosniff
      Alt-Svc:
      - h3=":443"; ma=2592000,h3-29=":443"; ma=2592000,h3-Q050=":443"; ma=2592000,h3-Q046=":443";
        ma=2592000,h3-Q043=":443"; ma=2592000,quic=":443"; ma=2592000; v="46,43"
      Transfer-Encoding:
      - chunked
    body:
      encoding: ASCII-8BIT
      string: |
        {
          "attributeScores": {
            "IDENTITY_ATTACK": {
              "spanScores": [
                {
                  "begin": 0,
                  "end": 21,
                  "score": {
                    "value": 0.0017204003,
                    "type": "PROBABILITY"
                  }
                }
              ],
              "summaryScore": {
                "value": 0.0017204003,
                "type": "PROBABILITY"
              }
            }
          },
          "languages": [
            "en"
          ],
          "detectedLanguages": [
            "la"
          ]
        }
  recorded_at: Thu, 15 Dec 2022 16:27:44 GMT
- request:
    method: post
    uri: https://commentanalyzer.googleapis.com/v1alpha1/comments:analyze?key=<PERSPECTIVE_KEY>
    body:
      encoding: UTF-8
      string: '{"comment":{"text":"Sed sit deleniti est."},"languages":["en"],"requestedAttributes":{"IDENTITY_ATTACK":{}}}'
    headers:
      User-Agent:
      - Faraday v2.7.1
      Content-Type:
      - application/json
      Accept-Encoding:
      - gzip;q=1.0,deflate;q=0.6,identity;q=0.3
      Accept:
      - "*/*"
  response:
    status:
      code: 200
      message: OK
    headers:
      Content-Type:
      - application/json; charset=UTF-8
      Vary:
      - Origin
      - Referer
      - X-Origin
      Date:
      - Thu, 15 Dec 2022 16:27:45 GMT
      Server:
      - ESF
      Cache-Control:
      - private
      X-Xss-Protection:
      - '0'
      X-Frame-Options:
      - SAMEORIGIN
      X-Content-Type-Options:
      - nosniff
      Alt-Svc:
      - h3=":443"; ma=2592000,h3-29=":443"; ma=2592000,h3-Q050=":443"; ma=2592000,h3-Q046=":443";
        ma=2592000,h3-Q043=":443"; ma=2592000,quic=":443"; ma=2592000; v="46,43"
      Transfer-Encoding:
      - chunked
    body:
      encoding: ASCII-8BIT
      string: |
        {
          "attributeScores": {
            "IDENTITY_ATTACK": {
              "spanScores": [
                {
                  "begin": 0,
                  "end": 21,
                  "score": {
                    "value": 0.0017204003,
                    "type": "PROBABILITY"
                  }
                }
              ],
              "summaryScore": {
                "value": 0.0017204003,
                "type": "PROBABILITY"
              }
            }
          },
          "languages": [
            "en"
          ],
          "detectedLanguages": [
            "la"
          ]
        }
  recorded_at: Thu, 15 Dec 2022 16:27:45 GMT
- request:
    method: post
    uri: https://commentanalyzer.googleapis.com/v1alpha1/comments:analyze?key=<PERSPECTIVE_KEY>
    body:
      encoding: UTF-8
      string: '{"comment":{"text":"Sed sit deleniti est."},"languages":["en"],"requestedAttributes":{"IDENTITY_ATTACK":{}}}'
    headers:
      User-Agent:
      - Faraday v2.7.1
      Content-Type:
      - application/json
      Accept-Encoding:
      - gzip;q=1.0,deflate;q=0.6,identity;q=0.3
      Accept:
      - "*/*"
  response:
    status:
      code: 200
      message: OK
    headers:
      Content-Type:
      - application/json; charset=UTF-8
      Vary:
      - Origin
      - Referer
      - X-Origin
      Date:
      - Thu, 15 Dec 2022 16:27:45 GMT
      Server:
      - ESF
      Cache-Control:
      - private
      X-Xss-Protection:
      - '0'
      X-Frame-Options:
      - SAMEORIGIN
      X-Content-Type-Options:
      - nosniff
      Alt-Svc:
      - h3=":443"; ma=2592000,h3-29=":443"; ma=2592000,h3-Q050=":443"; ma=2592000,h3-Q046=":443";
        ma=2592000,h3-Q043=":443"; ma=2592000,quic=":443"; ma=2592000; v="46,43"
      Transfer-Encoding:
      - chunked
    body:
      encoding: ASCII-8BIT
      string: |
        {
          "attributeScores": {
            "IDENTITY_ATTACK": {
              "spanScores": [
                {
                  "begin": 0,
                  "end": 21,
                  "score": {
                    "value": 0.0017204003,
                    "type": "PROBABILITY"
                  }
                }
              ],
              "summaryScore": {
                "value": 0.0017204003,
                "type": "PROBABILITY"
              }
            }
          },
          "languages": [
            "en"
          ],
          "detectedLanguages": [
            "la"
          ]
        }
  recorded_at: Thu, 15 Dec 2022 16:27:45 GMT
- request:
    method: post
    uri: https://www.nyckel.com/v1/functions/<MODERATION_ID>/invoke
    body:
      encoding: UTF-8
      string: '{"data":"Repellat dolores unde incidunt."}'
    headers:
      User-Agent:
      - Faraday v2.7.1
      Content-Type:
      - application/json
      Accept-Encoding:
      - gzip;q=1.0,deflate;q=0.6,identity;q=0.3
      Accept:
      - "*/*"
  response:
    status:
      code: 200
      message: OK
    headers:
      Content-Type:
      - application/json; charset=utf-8
      Transfer-Encoding:
      - chunked
      Connection:
      - keep-alive
      Date:
      - Thu, 15 Dec 2022 18:00:56 GMT
      Cache-Control:
      - no-store
      Vary:
      - Accept-Encoding
      X-Cache:
      - Miss from cloudfront
      Via:
      - 1.1 aa623e134417515bd2496cb01d5e5626.cloudfront.net (CloudFront)
      X-Amz-Cf-Pop:
      - SEA19-C1
      X-Amz-Cf-Id:
      - UjLKQ2zwCeaUq5d4ZEWriuSqDWBlCoqUMXZ8Gg7sOuFo3MImJ-mVGA==
    body:
      encoding: ASCII-8BIT
      string: '{"labelName":"Safe","labelId":"label_enceud4t4ul1w89f","confidence":0.9671777154627725}'
  recorded_at: Thu, 15 Dec 2022 18:00:56 GMT
recorded_with: VCR 6.1.0
