---
http_interactions:
- request:
    method: post
    uri: https://www.nyckel.com/v1/functions/<MODERATION_ID>/invoke
    body:
      encoding: UTF-8
      string: '{"data":"Quas magni illo ipsa."}'
    headers:
      User-Agent:
      - Faraday v2.7.1
      Content-Type:
      - application/json
      Accept-Encoding:
      - gzip;q=1.0,deflate;q=0.6,identity;q=0.3
      Accept:
      - "*/*"
  response:
    status:
      code: 200
      message: OK
    headers:
      Content-Type:
      - application/json; charset=utf-8
      Transfer-Encoding:
      - chunked
      Connection:
      - keep-alive
      Date:
      - Sat, 10 Dec 2022 00:11:25 GMT
      Cache-Control:
      - no-store
      Vary:
      - Accept-Encoding
      X-Cache:
      - Miss from cloudfront
      Via:
      - 1.1 6b1026dc8b63f06fce4b4aec8b9a03d6.cloudfront.net (CloudFront)
      X-Amz-Cf-Pop:
      - DEN52-P2
      X-Amz-Cf-Id:
      - SGfJ-yM2zkvchLeMKblcEtII5VRovs-kOQGbJjTmorvHTiKnm2YxWA==
    body:
      encoding: ASCII-8BIT
      string: '{"labelName":"Safe","labelId":"label_enceud4t4ul1w89f","confidence":0.9999379761280135}'
  recorded_at: Sat, 10 Dec 2022 00:11:25 GMT
- request:
    method: post
    uri: https://www.nyckel.com/v1/functions/<MODERATION_ID>/invoke
    body:
      encoding: UTF-8
      string: '{"data":"Qui id et ad."}'
    headers:
      User-Agent:
      - Faraday v2.7.1
      Content-Type:
      - application/json
      Accept-Encoding:
      - gzip;q=1.0,deflate;q=0.6,identity;q=0.3
      Accept:
      - "*/*"
  response:
    status:
      code: 200
      message: OK
    headers:
      Content-Type:
      - application/json; charset=utf-8
      Transfer-Encoding:
      - chunked
      Connection:
      - keep-alive
      Date:
      - Sat, 10 Dec 2022 00:11:26 GMT
      Cache-Control:
      - no-store
      Vary:
      - Accept-Encoding
      X-Cache:
      - Miss from cloudfront
      Via:
      - 1.1 05fe6f95b77eb54d0691950915c27264.cloudfront.net (CloudFront)
      X-Amz-Cf-Pop:
      - DEN52-P2
      X-Amz-Cf-Id:
      - 0M4ufHzGq5D-A1VT_0kwTV9l5GMuoy9lGsuvQOtw1PIgqgpD9xbldQ==
    body:
      encoding: ASCII-8BIT
      string: '{"labelName":"Safe","labelId":"label_enceud4t4ul1w89f","confidence":0.99835002131187}'
  recorded_at: Sat, 10 Dec 2022 00:11:26 GMT
- request:
    method: post
    uri: https://www.nyckel.com/v1/functions/<MODERATION_ID>/invoke
    body:
      encoding: UTF-8
      string: '{"data":"Temporibus autem voluptas voluptatum."}'
    headers:
      User-Agent:
      - Faraday v2.7.1
      Content-Type:
      - application/json
      Accept-Encoding:
      - gzip;q=1.0,deflate;q=0.6,identity;q=0.3
      Accept:
      - "*/*"
  response:
    status:
      code: 200
      message: OK
    headers:
      Content-Type:
      - application/json; charset=utf-8
      Transfer-Encoding:
      - chunked
      Connection:
      - keep-alive
      Date:
      - Sat, 10 Dec 2022 00:11:26 GMT
      Cache-Control:
      - no-store
      Vary:
      - Accept-Encoding
      X-Cache:
      - Miss from cloudfront
      Via:
      - 1.1 f9a5caa2a18f480171fad57618db559e.cloudfront.net (CloudFront)
      X-Amz-Cf-Pop:
      - DEN52-P2
      X-Amz-Cf-Id:
      - THv_nIz8eeMVewWawWuVIYTQ4DZbs_Pi3aAU997JiYYmCII0cbFBiA==
    body:
      encoding: ASCII-8BIT
      string: '{"labelName":"Safe","labelId":"label_enceud4t4ul1w89f","confidence":0.9992156849707156}'
  recorded_at: Sat, 10 Dec 2022 00:11:26 GMT
- request:
    method: post
    uri: https://www.nyckel.com/v1/functions/<MODERATION_ID>/invoke
    body:
      encoding: UTF-8
      string: '{"data":"Cum enim delectus est."}'
    headers:
      User-Agent:
      - Faraday v2.7.1
      Content-Type:
      - application/json
      Accept-Encoding:
      - gzip;q=1.0,deflate;q=0.6,identity;q=0.3
      Accept:
      - "*/*"
  response:
    status:
      code: 200
      message: OK
    headers:
      Content-Type:
      - application/json; charset=utf-8
      Transfer-Encoding:
      - chunked
      Connection:
      - keep-alive
      Date:
      - Sat, 10 Dec 2022 00:11:27 GMT
      Cache-Control:
      - no-store
      Vary:
      - Accept-Encoding
      X-Cache:
      - Miss from cloudfront
      Via:
      - 1.1 5257b3c7acd3727a389946b312557ff2.cloudfront.net (CloudFront)
      X-Amz-Cf-Pop:
      - DEN52-P2
      X-Amz-Cf-Id:
      - FUIA5rFf8wWdmNu7xo40x_sMmzI-KFrcghIGJ9QI93NotGgtUEPhwA==
    body:
      encoding: ASCII-8BIT
      string: '{"labelName":"Safe","labelId":"label_enceud4t4ul1w89f","confidence":0.9973406635537473}'
  recorded_at: Sat, 10 Dec 2022 00:11:27 GMT
- request:
    method: post
    uri: https://www.nyckel.com/v1/functions/<MODERATION_ID>/invoke
    body:
      encoding: UTF-8
      string: '{"data":"Quia ut consequatur in."}'
    headers:
      User-Agent:
      - Faraday v2.7.1
      Content-Type:
      - application/json
      Accept-Encoding:
      - gzip;q=1.0,deflate;q=0.6,identity;q=0.3
      Accept:
      - "*/*"
  response:
    status:
      code: 200
      message: OK
    headers:
      Content-Type:
      - application/json; charset=utf-8
      Transfer-Encoding:
      - chunked
      Connection:
      - keep-alive
      Date:
      - Sat, 10 Dec 2022 00:11:27 GMT
      Cache-Control:
      - no-store
      Vary:
      - Accept-Encoding
      X-Cache:
      - Miss from cloudfront
      Via:
      - 1.1 44e92eddc431cc09e1e2c5b24edc90f8.cloudfront.net (CloudFront)
      X-Amz-Cf-Pop:
      - DEN52-P2
      X-Amz-Cf-Id:
      - pz-FZGMASiXwNqmUQ5UpgnHbKvaCn5hcY0128cJBnb0Yu6bks1ab_w==
    body:
      encoding: ASCII-8BIT
      string: '{"labelName":"Safe","labelId":"label_enceud4t4ul1w89f","confidence":0.9999979305592773}'
  recorded_at: Sat, 10 Dec 2022 00:11:27 GMT
- request:
    method: post
    uri: https://www.nyckel.com/v1/functions/<MODERATION_ID>/invoke
    body:
      encoding: UTF-8
      string: '{"data":"Iste nihil excepturi qui."}'
    headers:
      User-Agent:
      - Faraday v2.7.1
      Content-Type:
      - application/json
      Accept-Encoding:
      - gzip;q=1.0,deflate;q=0.6,identity;q=0.3
      Accept:
      - "*/*"
  response:
    status:
      code: 200
      message: OK
    headers:
      Content-Type:
      - application/json; charset=utf-8
      Transfer-Encoding:
      - chunked
      Connection:
      - keep-alive
      Date:
      - Sat, 10 Dec 2022 00:11:27 GMT
      Cache-Control:
      - no-store
      Vary:
      - Accept-Encoding
      X-Cache:
      - Miss from cloudfront
      Via:
      - 1.1 5257b3c7acd3727a389946b312557ff2.cloudfront.net (CloudFront)
      X-Amz-Cf-Pop:
      - DEN52-P2
      X-Amz-Cf-Id:
      - hMAkYH4UgxFvLa-1GOttfLKd7V1bK4r--qfIdU7VfSKztnqCLEHesA==
    body:
      encoding: ASCII-8BIT
      string: '{"labelName":"Safe","labelId":"label_enceud4t4ul1w89f","confidence":0.9999836909250831}'
  recorded_at: Sat, 10 Dec 2022 00:11:27 GMT
- request:
    method: post
    uri: https://www.nyckel.com/v1/functions/<MODERATION_ID>/invoke
    body:
      encoding: UTF-8
      string: '{"data":"Eum omnis quos repellendus."}'
    headers:
      User-Agent:
      - Faraday v2.7.1
      Content-Type:
      - application/json
      Accept-Encoding:
      - gzip;q=1.0,deflate;q=0.6,identity;q=0.3
      Accept:
      - "*/*"
  response:
    status:
      code: 200
      message: OK
    headers:
      Content-Type:
      - application/json; charset=utf-8
      Transfer-Encoding:
      - chunked
      Connection:
      - keep-alive
      Date:
      - Sat, 10 Dec 2022 00:11:28 GMT
      Cache-Control:
      - no-store
      Vary:
      - Accept-Encoding
      X-Cache:
      - Miss from cloudfront
      Via:
      - 1.1 f111faa3f37b2169cefb225b0f246234.cloudfront.net (CloudFront)
      X-Amz-Cf-Pop:
      - DEN52-P2
      X-Amz-Cf-Id:
      - VWBzcFyjLQM-zuCJbrZg6rgFVQ4GVerxFJiTM_SQn0aUxlyxgDVG3A==
    body:
      encoding: ASCII-8BIT
      string: '{"labelName":"Safe","labelId":"label_enceud4t4ul1w89f","confidence":0.9999785681997018}'
  recorded_at: Sat, 10 Dec 2022 00:11:28 GMT
- request:
    method: post
    uri: https://www.nyckel.com/v1/functions/<MODERATION_ID>/invoke
    body:
      encoding: UTF-8
      string: '{"data":"Sit praesentium saepe omnis."}'
    headers:
      User-Agent:
      - Faraday v2.7.1
      Content-Type:
      - application/json
      Accept-Encoding:
      - gzip;q=1.0,deflate;q=0.6,identity;q=0.3
      Accept:
      - "*/*"
  response:
    status:
      code: 200
      message: OK
    headers:
      Content-Type:
      - application/json; charset=utf-8
      Transfer-Encoding:
      - chunked
      Connection:
      - keep-alive
      Date:
      - Sat, 10 Dec 2022 00:11:28 GMT
      Cache-Control:
      - no-store
      Vary:
      - Accept-Encoding
      X-Cache:
      - Miss from cloudfront
      Via:
      - 1.1 cf7db6af8b8a86ebeb9fc938221e81da.cloudfront.net (CloudFront)
      X-Amz-Cf-Pop:
      - DEN52-P2
      X-Amz-Cf-Id:
      - aFJTju3EKyPHk7BqqpodJKPqu2WCel56yg3mF-2EiIlAfdJimUOhdg==
    body:
      encoding: ASCII-8BIT
      string: '{"labelName":"Safe","labelId":"label_enceud4t4ul1w89f","confidence":0.9999987659920024}'
  recorded_at: Sat, 10 Dec 2022 00:11:28 GMT
- request:
    method: post
    uri: https://www.nyckel.com/v1/functions/<MODERATION_ID>/invoke
    body:
      encoding: UTF-8
      string: '{"data":"Occaecati molestiae corrupti natus."}'
    headers:
      User-Agent:
      - Faraday v2.7.1
      Content-Type:
      - application/json
      Accept-Encoding:
      - gzip;q=1.0,deflate;q=0.6,identity;q=0.3
      Accept:
      - "*/*"
  response:
    status:
      code: 200
      message: OK
    headers:
      Content-Type:
      - application/json; charset=utf-8
      Transfer-Encoding:
      - chunked
      Connection:
      - keep-alive
      Date:
      - Sat, 10 Dec 2022 00:11:28 GMT
      Cache-Control:
      - no-store
      Vary:
      - Accept-Encoding
      X-Cache:
      - Miss from cloudfront
      Via:
      - 1.1 5957ea451aa45a9d254075e89c5df686.cloudfront.net (CloudFront)
      X-Amz-Cf-Pop:
      - DEN52-P2
      X-Amz-Cf-Id:
      - kktNbF5SfxwpAmwnKtyWnCVtNoe_LM38Gp0Mx0fCDVEA7S-C-heXYw==
    body:
      encoding: ASCII-8BIT
      string: '{"labelName":"Safe","labelId":"label_enceud4t4ul1w89f","confidence":0.9773160990411277}'
  recorded_at: Sat, 10 Dec 2022 00:11:28 GMT
- request:
    method: post
    uri: https://www.nyckel.com/v1/functions/<MODERATION_ID>/invoke
    body:
      encoding: UTF-8
      string: '{"data":"Est provident culpa et."}'
    headers:
      User-Agent:
      - Faraday v2.7.1
      Content-Type:
      - application/json
      Accept-Encoding:
      - gzip;q=1.0,deflate;q=0.6,identity;q=0.3
      Accept:
      - "*/*"
  response:
    status:
      code: 200
      message: OK
    headers:
      Content-Type:
      - application/json; charset=utf-8
      Transfer-Encoding:
      - chunked
      Connection:
      - keep-alive
      Date:
      - Sat, 10 Dec 2022 00:11:28 GMT
      Cache-Control:
      - no-store
      Vary:
      - Accept-Encoding
      X-Cache:
      - Miss from cloudfront
      Via:
      - 1.1 96725c0e4ced177a38df871e7cc48a4a.cloudfront.net (CloudFront)
      X-Amz-Cf-Pop:
      - DEN52-P2
      X-Amz-Cf-Id:
      - CP4fpXB7MdCHaghvVajKXRez2ROHhdVBpb5QcOKvCGAKBeHKKpT7Tw==
    body:
      encoding: ASCII-8BIT
      string: '{"labelName":"Safe","labelId":"label_enceud4t4ul1w89f","confidence":0.9999846152009599}'
  recorded_at: Sat, 10 Dec 2022 00:11:28 GMT
recorded_with: VCR 6.1.0
